// Jest Snapshot v1, https://goo.gl/fbAQLP

exports[`renders without crashing 1`] = `
<Diagram
  blocks={
    Array [
      Object {
        "height": 0,
        "id": "0",
        "name": "Block",
        "width": 0,
        "x": 0,
        "y": 0,
      },
    ]
  }
  linking={
    Object {
      "fromBlock": Object {
        "height": 0,
        "id": "0",
        "name": "Block",
        "width": 0,
        "x": 0,
        "y": 0,
      },
      "fromId": "0",
      "toMouse": Object {
        "x": 0,
        "y": 0,
      },
    }
  }
  onAddClick={[Function]}
  onLinkEnd={[Function]}
  onLinkMove={[Function]}
  onLinkStart={[Function]}
  onNameChange={[Function]}
  onSizeChange={[Function]}
  store={
    Object {
      "clearActions": [Function],
      "dispatch": [Function],
      "getActions": [Function],
      "getState": [Function],
      "replaceReducer": [Function],
      "subscribe": [Function],
    }
  }
  storeSubscription={
    Subscription {
      "listeners": Object {
        "clear": [Function],
        "get": [Function],
        "notify": [Function],
        "subscribe": [Function],
      },
      "onStateChange": [Function],
      "parentSub": undefined,
      "store": Object {
        "clearActions": [Function],
        "dispatch": [Function],
        "getActions": [Function],
        "getState": [Function],
        "replaceReducer": [Function],
        "subscribe": [Function],
      },
      "unsubscribe": [Function],
    }
  }
/>
`;
