// Jest Snapshot v1, https://goo.gl/fbAQLP

exports[`renders without crashing 1`] = `
<Card
  className="BlockDetail"
  expandable={false}
  expanded={null}
  initiallyExpanded={false}
  style={
    Object {
      "left": 0,
      "top": 0,
    }
  }
>
  <CardTitle
    title={
      <TextField
        disabled={false}
        floatingLabelFixed={false}
        fullWidth={false}
        hintText="Name"
        multiLine={false}
        rows={1}
        type="text"
        underlineShow={true}
        value="Block"
      />
    }
  />
</Card>
`;
