// Jest Snapshot v1, https://goo.gl/fbAQLP

exports[`renders without crashing 1`] = `
<svg
  className="Linking"
  style={
    Object {
      "height": 20,
      "left": 10,
      "top": 20,
      "transform": "scale(1, 1)",
      "width": 20,
    }
  }
>
  <line
    className="Linking-link"
    x1={0}
    x2="100%"
    y1={0}
    y2="100%"
  />
</svg>
`;
